// Jest Snapshot v1, https://goo.gl/fbAQLP

exports[`Brand Card Component Should render correctly 1`] = `
<View
  accessible={true}
  collapsable={false}
  focusable={true}
  onClick={[Function]}
  onResponderGrant={[Function]}
  onResponderMove={[Function]}
  onResponderRelease={[Function]}
  onResponderTerminate={[Function]}
  onResponderTerminationRequest={[Function]}
  onStartShouldSetResponder={[Function]}
  style={
    Object {
      "backgroundColor": "#F5F6FA",
      "borderRadius": 10,
      "height": 50,
      "marginRight": 10,
      "opacity": 1,
      "paddingRight": 15,
    }
  }
>
  <View
    style={
      Array [
        Object {
          "alignItems": "center",
          "flexDirection": "row",
        },
      ]
    }
  >
    <View
      style={
        Array [
          Object {
            "alignItems": "center",
            "backgroundColor": "#FFFFFF",
            "borderRadius": 10,
            "height": 40,
            "justifyContent": "center",
            "marginLeft": 5,
            "marginRight": 10,
            "marginVertical": 5,
            "paddingHorizontal": 6,
            "paddingVertical": 6,
            "width": 40,
          },
        ]
      }
    >
      <Image
        alignSelf="center"
        resizeMode="contain"
        source={
          Object {
            "uri": "https://1000logos.net/wp-content/uploads/2021/11/Nike-Logo.png",
          }
        }
        style={
          Array [
            Object {
              "alignSelf": "center",
              "height": "100%",
              "resizeMode": "contain",
              "width": "100%",
            },
          ]
        }
      />
    </View>
    <Text
      style={
        Array [
          Object {
            "color": "#1D1E20",
            "fontFamily": "Inter-Medium",
            "fontSize": 15,
            "lineHeight": 16.5,
            "textAlign": "left",
          },
        ]
      }
      type="brand"
    >
      Nike
    </Text>
  </View>
</View>
`;
