// Jest Snapshot v1, https://goo.gl/fbAQLP

exports[`Home Screen Should renders correctly 1`] = `
<RNCSafeAreaView
  style={
    Object {
      "backgroundColor": "#fff",
      "flex": 1,
      "paddingHorizontal": 20,
    }
  }
>
  <View
    style={
      Object {
        "marginTop": 0,
      }
    }
  >
    <View
      style={
        Object {
          "transform": Array [
            Object {
              "translateY": 0,
            },
          ],
        }
      }
    >
      <View
        style={
          Object {
            "alignItems": "center",
            "flexDirection": "row",
            "justifyContent": "space-between",
            "width": "100%",
          }
        }
      >
        <View
          accessible={true}
          focusable={true}
          onClick={[Function]}
          onResponderGrant={[Function]}
          onResponderMove={[Function]}
          onResponderRelease={[Function]}
          onResponderTerminate={[Function]}
          onResponderTerminationRequest={[Function]}
          onStartShouldSetResponder={[Function]}
          style={
            Object {
              "height": 45,
              "opacity": 1,
              "width": 45,
            }
          }
        >
          <Image
            source={
              Object {
                "process": [Function],
              }
            }
            style={Object {}}
          />
        </View>
        <View
          accessible={true}
          focusable={false}
          onClick={[Function]}
          onResponderGrant={[Function]}
          onResponderMove={[Function]}
          onResponderRelease={[Function]}
          onResponderTerminate={[Function]}
          onResponderTerminationRequest={[Function]}
          onStartShouldSetResponder={[Function]}
          style={
            Object {
              "height": 45,
              "opacity": 1,
              "width": 45,
            }
          }
        >
          <Image
            source={
              Object {
                "process": [Function],
              }
            }
            style={Object {}}
          />
        </View>
      </View>
    </View>
    <View
      style={
        Object {
          "flexDirection": "row",
          "marginTop": 15,
          "opacity": 1,
          "transform": Array [
            Object {
              "translateX": 0,
            },
            Object {
              "translateY": 0,
            },
          ],
        }
      }
    >
      <Text
        style={
          Array [
            Object {
              "color": "#000",
              "fontFamily": "Inter_500Medium",
              "fontSize": 17,
              "lineHeight": 16,
              "textTransform": "none",
            },
            Array [
              Object {
                "fontFamily": "Inter_600SemiBold",
                "fontSize": 28,
                "lineHeight": 30,
              },
              undefined,
            ],
            Object {
              "textAlign": "left",
            },
          ]
        }
      >
        Hello
      </Text>
    </View>
    <View
      style={
        Object {
          "flexDirection": "row",
          "marginTop": 15,
          "opacity": 1,
          "transform": Array [
            Object {
              "translateX": 0,
            },
            Object {
              "translateY": 0,
            },
          ],
        }
      }
    >
      <Text
        style={
          Array [
            Object {
              "color": "#000",
              "fontFamily": "Inter_500Medium",
              "fontSize": 17,
              "lineHeight": 16,
              "textTransform": "none",
            },
            Array [
              Object {
                "color": "#8F959E",
                "fontFamily": "Inter_400Regular",
                "fontSize": 15,
                "lineHeight": 16,
              },
              undefined,
            ],
            Object {
              "textAlign": "left",
            },
          ]
        }
      >
        Welcome to Laza.
      </Text>
    </View>
    <View
      style={
        Object {
          "transform": Array [
            Object {
              "translateY": 0,
            },
            Object {
              "scaleX": 1,
            },
            Object {
              "scaleY": 1,
            },
          ],
        }
      }
    >
      <View
        style={
          Object {
            "alignItems": "center",
            "flexDirection": "row",
            "marginVertical": 20,
          }
        }
      >
        <View
          style={
            Object {
              "alignItems": "center",
              "flexDirection": "row",
            }
          }
        >
          <View
            style={
              Object {
                "backgroundColor": "#F5F6FA",
                "borderRadius": 10,
                "flex": 1,
                "flexDirection": "row",
                "height": 50,
              }
            }
          >
            <View
              accessible={true}
              focusable={true}
              onClick={[Function]}
              onResponderGrant={[Function]}
              onResponderMove={[Function]}
              onResponderRelease={[Function]}
              onResponderTerminate={[Function]}
              onResponderTerminationRequest={[Function]}
              onStartShouldSetResponder={[Function]}
              style={
                Object {
                  "alignSelf": "center",
                  "height": 20,
                  "justifyContent": "center",
                  "marginLeft": 15,
                  "opacity": 1,
                  "width": 20,
                }
              }
            >
              <Image
                source={
                  Object {
                    "process": [Function],
                  }
                }
                style={
                  Object {
                    "height": "100%",
                    "width": "100%",
                  }
                }
              />
            </View>
            <TextInput
              allowFontScaling={true}
              autoCorrect={false}
              onChangeText={[Function]}
              onSubmitEditing={[Function]}
              placeholder="Search.."
              rejectResponderTermination={true}
              style={
                Array [
                  Object {
                    "alignItems": "flex-start",
                    "paddingLeft": 12,
                    "paddingRight": 50,
                    "width": "100%",
                  },
                  Object {},
                ]
              }
              underlineColorAndroid="transparent"
              value=""
            />
          </View>
          <View
            accessible={true}
            focusable={false}
            onClick={[Function]}
            onResponderGrant={[Function]}
            onResponderMove={[Function]}
            onResponderRelease={[Function]}
            onResponderTerminate={[Function]}
            onResponderTerminationRequest={[Function]}
            onStartShouldSetResponder={[Function]}
            style={
              Object {
                "marginLeft": 10,
                "opacity": 1,
              }
            }
          >
            <Image
              source={
                Object {
                  "process": [Function],
                }
              }
              style={
                Object {
                  "alignSelf": "center",
                  "height": 50,
                  "width": 50,
                }
              }
            />
          </View>
        </View>
      </View>
    </View>
  </View>
  <View
    style={
      Object {
        "marginBottom": 200,
      }
    }
  >
    <View
      style={
        Object {
          "opacity": 1,
          "transform": Array [
            Object {
              "translateX": 0,
            },
          ],
        }
      }
    >
      <View
        style={
          Array [
            Object {
              "paddingBottom": 15,
            },
            Object {
              "alignItems": "center",
              "flexDirection": "row",
              "justifyContent": "space-between",
            },
          ]
        }
      >
        <Text
          style={
            Array [
              Object {
                "color": "#000",
                "fontFamily": "Inter_500Medium",
                "fontSize": 17,
                "lineHeight": 16,
                "textTransform": "none",
              },
              Array [
                Object {
                  "fontFamily": "Inter_500Medium",
                  "fontSize": 17,
                  "lineHeight": 16,
                },
                undefined,
              ],
              Object {
                "textAlign": "left",
              },
            ]
          }
        >
          Choose Brand
        </Text>
        <Text
          style={
            Array [
              Object {
                "color": "#000",
                "fontFamily": "Inter_500Medium",
                "fontSize": 17,
                "lineHeight": 16,
                "textTransform": "none",
              },
              Array [
                Object {
                  "color": "#8F959E",
                  "fontFamily": "Inter_400Regular",
                  "fontSize": 13,
                  "lineHeight": 14,
                },
                undefined,
              ],
              Object {
                "textAlign": "left",
              },
            ]
          }
        >
          View All
        </Text>
      </View>
      <RNCSafeAreaView>
        <ActivityIndicator
          animating={true}
          color="#FFC107"
          hidesWhenStopped={true}
          size="small"
          style={
            Object {
              "margin": 13,
            }
          }
        />
      </RNCSafeAreaView>
      <View
        style={Object {}}
      >
        <RCTScrollView
          ListEmptyComponent={[Function]}
          ListFooterComponent={[Function]}
          data={Array []}
          disableVirtualization={false}
          getItem={[Function]}
          getItemCount={[Function]}
          horizontal={true}
          initialNumToRender={10}
          keyExtractor={[Function]}
          maxToRenderPerBatch={10}
          onContentSizeChange={[Function]}
          onEndReached={null}
          onEndReachedThreshold={0.5}
          onLayout={[Function]}
          onMomentumScrollEnd={[Function]}
          onScroll={[Function]}
          onScrollBeginDrag={[Function]}
          onScrollEndDrag={[Function]}
          removeClippedSubviews={false}
          renderItem={[Function]}
          scrollEventThrottle={50}
          showsHorizontalScrollIndicator={false}
          stickyHeaderIndices={Array []}
          updateCellsBatchingPeriod={50}
          viewabilityConfigCallbackPairs={Array []}
          windowSize={21}
        >
          <View>
            <Text
              style={
                Array [
                  Object {
                    "color": "#000",
                    "fontFamily": "Inter_500Medium",
                    "fontSize": 17,
                    "lineHeight": 16,
                    "textTransform": "none",
                  },
                  undefined,
                  Object {
                    "textAlign": "left",
                  },
                ]
              }
            >
              No Brand found
            </Text>
            <View
              onLayout={[Function]}
            />
          </View>
        </RCTScrollView>
      </View>
    </View>
    <View
      style={
        Object {
          "transform": Array [
            Object {
              "translateY": 0,
            },
          ],
        }
      }
    >
      <View
        style={
          Array [
            Object {
              "marginTop": 15,
            },
            Object {
              "alignItems": "center",
              "flexDirection": "row",
              "justifyContent": "space-between",
            },
          ]
        }
      >
        <Text
          style={
            Array [
              Object {
                "color": "#000",
                "fontFamily": "Inter_500Medium",
                "fontSize": 17,
                "lineHeight": 16,
                "textTransform": "none",
              },
              Array [
                Object {
                  "fontFamily": "Inter_500Medium",
                  "fontSize": 17,
                  "lineHeight": 16,
                },
                undefined,
              ],
              Object {
                "textAlign": "left",
              },
            ]
          }
        >
          New Arrival
        </Text>
        <Text
          style={
            Array [
              Object {
                "color": "#000",
                "fontFamily": "Inter_500Medium",
                "fontSize": 17,
                "lineHeight": 16,
                "textTransform": "none",
              },
              Array [
                Object {
                  "color": "#8F959E",
                  "fontFamily": "Inter_400Regular",
                  "fontSize": 13,
                  "lineHeight": 14,
                },
                undefined,
              ],
              Object {
                "textAlign": "left",
              },
            ]
          }
        >
          View All
        </Text>
      </View>
      <RNCSafeAreaView>
        <ActivityIndicator
          animating={true}
          color="#FFC107"
          hidesWhenStopped={true}
          size="small"
          style={
            Object {
              "margin": 13,
            }
          }
        />
      </RNCSafeAreaView>
      <View
        style={
          Object {
            "marginTop": 15,
          }
        }
      >
        <RCTScrollView
          ListEmptyComponent={[Function]}
          ListFooterComponent={[Function]}
          ListFooterComponentStyle={
            Object {
              "alignItems": "center",
              "justifyContent": "center",
              "marginBottom": 15,
            }
          }
          data={Array []}
          disableVirtualization={false}
          getItem={[Function]}
          getItemCount={[Function]}
          horizontal={false}
          initialNumToRender={6}
          keyExtractor={[Function]}
          maxToRenderPerBatch={10}
          onContentSizeChange={[Function]}
          onEndReached={null}
          onEndReachedThreshold={0.5}
          onLayout={[Function]}
          onMomentumScrollEnd={[Function]}
          onScroll={[Function]}
          onScrollBeginDrag={[Function]}
          onScrollEndDrag={[Function]}
          removeClippedSubviews={false}
          renderItem={[Function]}
          scrollEventThrottle={16}
          showsVerticalScrollIndicator={false}
          stickyHeaderIndices={Array []}
          updateCellsBatchingPeriod={50}
          viewabilityConfigCallbackPairs={Array []}
          windowSize={21}
        >
          <View>
            <Text
              style={
                Array [
                  Object {
                    "color": "#000",
                    "fontFamily": "Inter_500Medium",
                    "fontSize": 17,
                    "lineHeight": 16,
                    "textTransform": "none",
                  },
                  undefined,
                  Object {
                    "textAlign": "left",
                  },
                ]
              }
            >
              No products found
            </Text>
            <View
              onLayout={[Function]}
              style={
                Object {
                  "alignItems": "center",
                  "justifyContent": "center",
                  "marginBottom": 15,
                }
              }
            />
          </View>
        </RCTScrollView>
      </View>
    </View>
  </View>
</RNCSafeAreaView>
`;
