// Jest Snapshot v1, https://goo.gl/fbAQLP

exports[`Login Screen Should render correctly 1`] = `
<RCTScrollView
  contentContainerStyle={
    Object {
      "flexGrow": 1,
    }
  }
  style={
    Array [
      Object {},
    ]
  }
>
  <View>
    <View
      animatedStyle={
        Object {
          "value": Object {
            "transform": Array [
              Object {
                "translateY": -0,
              },
            ],
          },
        }
      }
      collapsable={false}
      style={
        Object {
          "flex": 1,
          "transform": Array [
            Object {
              "translateY": -0,
            },
          ],
        }
      }
    >
      <View
        flex={1}
        pTop={105}
        style={
          Array [
            Object {
              "flexBasis": 0,
              "flexGrow": 1,
              "flexShrink": 1,
              "paddingTop": 105,
              "width": "100%",
            },
          ]
        }
      >
        <Text
          style={
            Array [
              Object {
                "color": "#1D1E20",
                "fontFamily": "Inter-SemiBold",
                "fontSize": 28,
                "lineHeight": 30,
                "textAlign": "center",
              },
            ]
          }
          textAlign="center"
          type="h1"
        >
          Welcome
        </Text>
        <View
          pTop={5}
          style={
            Array [
              Object {
                "paddingTop": 5,
                "width": "100%",
              },
            ]
          }
        >
          <Text
            style={
              Array [
                Object {
                  "color": "#8F959E",
                  "fontFamily": "Inter-Regular",
                  "fontSize": 15,
                  "lineHeight": 16.5,
                  "textAlign": "center",
                },
              ]
            }
            textAlign="center"
            type="h4"
          >
            Please enter your data to continue
          </Text>
        </View>
      </View>
      <View
        style={
          Array [
            Object {
              "width": "100%",
            },
          ]
        }
      >
        <ActivityIndicator
          color="#FFFFFF"
        />
      </View>
    </View>
  </View>
</RCTScrollView>
`;
