// Jest Snapshot v1, https://goo.gl/fbAQLP

exports[`Brand detail Screen should render correctly 1`] = `
<View
  style={
    Object {
      "backgroundColor": "#fff",
      "flex": 1,
      "justifyContent": "space-between",
      "paddingHorizontal": 20,
    }
  }
>
  <View
    style={
      Object {
        "height": 120,
      }
    }
  >
    <View
      style={
        Object {
          "alignItems": "center",
          "backgroundColor": "#fff",
          "flexDirection": "row",
          "justifyContent": "space-between",
          "marginTop": 45,
          "position": "absolute",
          "width": "100%",
        }
      }
    >
      <View
        accessible={true}
        focusable={true}
        onClick={[Function]}
        onResponderGrant={[Function]}
        onResponderMove={[Function]}
        onResponderRelease={[Function]}
        onResponderTerminate={[Function]}
        onResponderTerminationRequest={[Function]}
        onStartShouldSetResponder={[Function]}
        style={
          Object {
            "height": 45,
            "opacity": 1,
            "width": 45,
          }
        }
      >
        <Image
          source={
            Object {
              "process": [Function],
            }
          }
          style={Object {}}
        />
      </View>
      <View
        style={
          Object {
            "backgroundColor": "#F5F6FA",
            "borderRadius": 10,
            "height": 45,
            "padding": 10,
            "width": 70,
          }
        }
      />
      <View
        accessible={true}
        focusable={false}
        onClick={[Function]}
        onResponderGrant={[Function]}
        onResponderMove={[Function]}
        onResponderRelease={[Function]}
        onResponderTerminate={[Function]}
        onResponderTerminationRequest={[Function]}
        onStartShouldSetResponder={[Function]}
        style={
          Object {
            "height": 45,
            "opacity": 1,
            "width": 45,
          }
        }
      >
        <Image
          source={
            Object {
              "process": [Function],
            }
          }
          style={Object {}}
        />
      </View>
    </View>
  </View>
  <View
    style={
      Object {
        "flex": 1,
        "paddingBottom": 30,
      }
    }
  >
    <View
      style={
        Object {
          "alignItems": "center",
          "flexDirection": "row",
          "justifyContent": "space-between",
        }
      }
    >
      <View>
        <Text
          style={
            Array [
              Object {
                "color": "#000",
                "fontFamily": "Inter_500Medium",
                "fontSize": 17,
                "lineHeight": 16,
                "textTransform": "none",
              },
              undefined,
              Object {
                "textAlign": "left",
              },
            ]
          }
        >
          0 Items
        </Text>
        <Text
          style={
            Array [
              Object {
                "color": "#000",
                "fontFamily": "Inter_500Medium",
                "fontSize": 17,
                "lineHeight": 16,
                "textTransform": "none",
              },
              Array [
                Object {
                  "color": "#8F959E",
                  "fontFamily": "Inter_400Regular",
                  "fontSize": 15,
                  "lineHeight": 16,
                },
                Object {
                  "marginTop": 5,
                },
              ],
              Object {
                "textAlign": "left",
              },
            ]
          }
        >
          Available in stock
        </Text>
      </View>
      <View
        style={
          Object {
            "alignItems": "center",
            "backgroundColor": "#F5F6FA",
            "borderRadius": 10,
            "flexDirection": "row",
            "justifyContent": "space-between",
            "padding": 10,
          }
        }
      >
        <View
          accessible={true}
          focusable={false}
          onClick={[Function]}
          onResponderGrant={[Function]}
          onResponderMove={[Function]}
          onResponderRelease={[Function]}
          onResponderTerminate={[Function]}
          onResponderTerminationRequest={[Function]}
          onStartShouldSetResponder={[Function]}
          style={
            Object {
              "opacity": 1,
            }
          }
        >
          <Text />
        </View>
        <Text
          style={
            Array [
              Object {
                "color": "#000",
                "fontFamily": "Inter_500Medium",
                "fontSize": 17,
                "lineHeight": 16,
                "textTransform": "none",
              },
              Object {
                "marginLeft": 5,
              },
              Object {
                "textAlign": "left",
              },
            ]
          }
        >
          Sort
        </Text>
      </View>
    </View>
    <RNCSafeAreaView>
      <ActivityIndicator
        animating={true}
        color="#FFC107"
        hidesWhenStopped={true}
        size="large"
        style={
          Object {
            "margin": 13,
          }
        }
      />
    </RNCSafeAreaView>
  </View>
</View>
`;
