// Jest Snapshot v1, https://goo.gl/fbAQLP

exports[`Product detail Images review should render correctly 1`] = `
<RCTScrollView
  horizontal={true}
  showsHorizontalScrollIndicator={false}
  style={
    Object {
      "flexDirection": "row",
      "marginVertical": 15,
    }
  }
>
  <View>
    <View
      accessible={true}
      collapsable={false}
      focusable={true}
      onBlur={[Function]}
      onClick={[Function]}
      onFocus={[Function]}
      onResponderGrant={[Function]}
      onResponderMove={[Function]}
      onResponderRelease={[Function]}
      onResponderTerminate={[Function]}
      onResponderTerminationRequest={[Function]}
      onStartShouldSetResponder={[Function]}
      style={
        Object {
          "height": 77,
          "marginRight": 9,
          "width": 77,
        }
      }
    >
      <Image
        resizeMode="cover"
        source={
          Object {
            "uri": "https://images.unsplash.com/photo-1618212158973-5e36714e374b?ixlib=rb-1.2.1&ixid=MnwxMjA3fDB8MHxwaG90by1wYWdlfHx8fGVufDB8fHx8&auto=format&fit=crop&w=774&q=80",
          }
        }
        style={
          Object {
            "height": "100%",
            "width": "100%",
          }
        }
      />
    </View>
    <View
      accessible={true}
      collapsable={false}
      focusable={true}
      onBlur={[Function]}
      onClick={[Function]}
      onFocus={[Function]}
      onResponderGrant={[Function]}
      onResponderMove={[Function]}
      onResponderRelease={[Function]}
      onResponderTerminate={[Function]}
      onResponderTerminationRequest={[Function]}
      onStartShouldSetResponder={[Function]}
      style={
        Object {
          "height": 77,
          "marginRight": 9,
          "width": 77,
        }
      }
    >
      <Image
        resizeMode="cover"
        source={
          Object {
            "uri": "https://images.unsplash.com/photo-1516826957135-700dedea698c?ixlib=rb-1.2.1&ixid=MnwxMjA3fDB8MHxwaG90by1wYWdlfHx8fGVufDB8fHx8&auto=format&fit=crop&w=774&q=80",
          }
        }
        style={
          Object {
            "height": "100%",
            "width": "100%",
          }
        }
      />
    </View>
    <View
      accessible={true}
      collapsable={false}
      focusable={true}
      onBlur={[Function]}
      onClick={[Function]}
      onFocus={[Function]}
      onResponderGrant={[Function]}
      onResponderMove={[Function]}
      onResponderRelease={[Function]}
      onResponderTerminate={[Function]}
      onResponderTerminationRequest={[Function]}
      onStartShouldSetResponder={[Function]}
      style={
        Object {
          "height": 77,
          "marginRight": 9,
          "width": 77,
        }
      }
    >
      <Image
        resizeMode="cover"
        source={
          Object {
            "uri": "https://images.unsplash.com/photo-1492288991661-058aa541ff43?ixlib=rb-1.2.1&ixid=MnwxMjA3fDB8MHxwaG90by1wYWdlfHx8fGVufDB8fHx8&auto=format&fit=crop&w=774&q=80",
          }
        }
        style={
          Object {
            "height": "100%",
            "width": "100%",
          }
        }
      />
    </View>
    <View
      accessible={true}
      collapsable={false}
      focusable={true}
      onBlur={[Function]}
      onClick={[Function]}
      onFocus={[Function]}
      onResponderGrant={[Function]}
      onResponderMove={[Function]}
      onResponderRelease={[Function]}
      onResponderTerminate={[Function]}
      onResponderTerminationRequest={[Function]}
      onStartShouldSetResponder={[Function]}
      style={
        Object {
          "height": 77,
          "marginRight": 9,
          "width": 77,
        }
      }
    >
      <Image
        resizeMode="cover"
        source={
          Object {
            "uri": "https://images.unsplash.com/photo-1534030347209-467a5b0ad3e6?ixlib=rb-1.2.1&ixid=MnwxMjA3fDB8MHxwaG90by1wYWdlfHx8fGVufDB8fHx8&auto=format&fit=crop&w=774&q=80",
          }
        }
        style={
          Object {
            "height": "100%",
            "width": "100%",
          }
        }
      />
    </View>
    <View
      accessible={true}
      collapsable={false}
      focusable={true}
      onBlur={[Function]}
      onClick={[Function]}
      onFocus={[Function]}
      onResponderGrant={[Function]}
      onResponderMove={[Function]}
      onResponderRelease={[Function]}
      onResponderTerminate={[Function]}
      onResponderTerminationRequest={[Function]}
      onStartShouldSetResponder={[Function]}
      style={
        Object {
          "height": 77,
          "marginRight": 9,
          "width": 77,
        }
      }
    >
      <Image
        resizeMode="cover"
        source={
          Object {
            "uri": "https://images.unsplash.com/photo-1612462768418-d844d50931d2?crop=entropy&cs=tinysrgb&fm=jpg&ixlib=rb-1.2.1&q=80&raw_url=true&ixid=MnwxMjA3fDB8MHxwaG90by1wYWdlfHx8fGVufDB8fHx8&auto=format&fit=crop&w=928",
          }
        }
        style={
          Object {
            "height": "100%",
            "width": "100%",
          }
        }
      />
    </View>
    <View
      accessible={true}
      collapsable={false}
      focusable={true}
      onBlur={[Function]}
      onClick={[Function]}
      onFocus={[Function]}
      onResponderGrant={[Function]}
      onResponderMove={[Function]}
      onResponderRelease={[Function]}
      onResponderTerminate={[Function]}
      onResponderTerminationRequest={[Function]}
      onStartShouldSetResponder={[Function]}
      style={
        Object {
          "height": 77,
          "marginRight": 9,
          "width": 77,
        }
      }
    >
      <Image
        resizeMode="cover"
        source={
          Object {
            "uri": "https://images.unsplash.com/photo-1613418035472-424391ded253?ixlib=rb-1.2.1&ixid=MnwxMjA3fDB8MHxwaG90by1wYWdlfHx8fGVufDB8fHx8&auto=format&fit=crop&w=898&q=80",
          }
        }
        style={
          Object {
            "height": "100%",
            "width": "100%",
          }
        }
      />
    </View>
  </View>
</RCTScrollView>
`;
