// Jest Snapshot v1, https://goo.gl/fbAQLP

exports[`Label Component should render correctly 1`] = `
<View
  style={
    Array [
      Object {
        "backgroundColor": "#fff",
        "borderRadius": 30,
        "paddingHorizontal": 15,
        "paddingVertical": 10,
      },
      undefined,
      undefined,
    ]
  }
>
  <Text
    style={
      Array [
        Object {
          "color": "#1D1E20",
          "fontSize": 17,
        },
        undefined,
      ]
    }
  >
    XXL
  </Text>
</View>
`;
