// Jest Snapshot v1, https://goo.gl/fbAQLP

exports[`Label Component should render correctly 1`] = `
<View>
  <Text
    style={
      Array [
        Object {
          "color": "#1D1E20",
          "fontSize": 17,
        },
        Object {
          "color": "#1D1E20",
          "fontFamily": "Inter_400Regular",
          "fontSize": 17,
          "lineHeight": 15,
        },
      ]
    }
  >
    Label Name
  </Text>
</View>
`;
