// Jest Snapshot v1, https://goo.gl/fbAQLP

exports[`Brand Card List Component Should render correctly 1`] = `
<View
  style={Object {}}
>
  <RCTScrollView
    ListEmptyComponent={[Function]}
    ListFooterComponent={[Function]}
    data={
      Array [
        Object {
          "id": "0",
          "logoUrl": "https://toppng.com/uploads/preview/ike-logo-png-hd-nike-logo-png-image-free-download-nike-logo-sv-11562865034fkhqkcoas6.png",
          "name": "Nike",
        },
        Object {
          "id": "1",
          "logoUrl": "https://www.pikpng.com/pngl/m/42-429866_adidas-logo-png-images-free-download-rh-pngimg.png",
          "name": "Adidas",
        },
        Object {
          "id": "2",
          "logoUrl": "https://toppng.com/uploads/preview/fila-logo-vector-download-free-11574216707jcmvfu58fy.png",
          "name": "Fila",
        },
        Object {
          "id": "3",
          "logoUrl": "https://banner2.cleanpng.com/20180613/gsj/kisspng-tracksuit-puma-logo-brand-clothing-puma-logo-5b20dc6b232426.487874081528880235144.jpg",
          "name": "Puma",
        },
        Object {
          "id": "4",
          "logoUrl": "https://esquilo.io/png/thumb/XBwczcMncYeff65-Vector-Gucci-Logo-PNG-Free-Download.png",
          "name": "Gucci",
        },
      ]
    }
    disableVirtualization={false}
    getItem={[Function]}
    getItemCount={[Function]}
    horizontal={true}
    initialNumToRender={10}
    keyExtractor={[Function]}
    maxToRenderPerBatch={10}
    onContentSizeChange={[Function]}
    onEndReached={null}
    onEndReachedThreshold={0.5}
    onLayout={[Function]}
    onMomentumScrollEnd={[Function]}
    onScroll={[Function]}
    onScrollBeginDrag={[Function]}
    onScrollEndDrag={[Function]}
    removeClippedSubviews={false}
    renderItem={[Function]}
    scrollEventThrottle={50}
    showsHorizontalScrollIndicator={false}
    stickyHeaderIndices={Array []}
    updateCellsBatchingPeriod={50}
    viewabilityConfigCallbackPairs={Array []}
    windowSize={21}
  >
    <View>
      <View
        onLayout={[Function]}
        style={
          Array [
            Object {
              "flexDirection": "row",
            },
            null,
          ]
        }
      >
        <View
          accessible={true}
          focusable={true}
          onClick={[Function]}
          onResponderGrant={[Function]}
          onResponderMove={[Function]}
          onResponderRelease={[Function]}
          onResponderTerminate={[Function]}
          onResponderTerminationRequest={[Function]}
          onStartShouldSetResponder={[Function]}
          style={
            Object {
              "justifyContent": "center",
              "opacity": 1,
            }
          }
          testID="brandCard"
        >
          <View
            style={
              Array [
                Object {
                  "alignItems": "center",
                  "backgroundColor": "#F5F6FA",
                  "borderRadius": 10,
                  "flexDirection": "row",
                  "height": 50,
                  "marginRight": 10,
                  "paddingRight": 10,
                },
              ]
            }
          >
            <View
              style={
                Object {
                  "backgroundColor": "#fff",
                  "borderRadius": 10,
                  "height": 40,
                  "marginLeft": 5,
                  "marginRight": 10,
                  "marginVertical": 5,
                  "padding": 8,
                  "width": 40,
                }
              }
            >
              <Image
                source={
                  Object {
                    "uri": "https://toppng.com/uploads/preview/ike-logo-png-hd-nike-logo-png-image-free-download-nike-logo-sv-11562865034fkhqkcoas6.png",
                  }
                }
                style={
                  Object {
                    "height": "100%",
                    "resizeMode": "contain",
                    "width": "100%",
                  }
                }
              />
            </View>
            <Text
              style={
                Array [
                  Object {
                    "color": "#000",
                    "fontFamily": "Inter_500Medium",
                    "fontSize": 17,
                    "lineHeight": 16,
                    "textTransform": "none",
                  },
                  undefined,
                  Object {
                    "textAlign": "left",
                  },
                ]
              }
            >
              Nike
            </Text>
          </View>
        </View>
      </View>
      <View
        onLayout={[Function]}
        style={
          Array [
            Object {
              "flexDirection": "row",
            },
            null,
          ]
        }
      >
        <View
          accessible={true}
          focusable={true}
          onClick={[Function]}
          onResponderGrant={[Function]}
          onResponderMove={[Function]}
          onResponderRelease={[Function]}
          onResponderTerminate={[Function]}
          onResponderTerminationRequest={[Function]}
          onStartShouldSetResponder={[Function]}
          style={
            Object {
              "justifyContent": "center",
              "opacity": 1,
            }
          }
          testID="brandCard"
        >
          <View
            style={
              Array [
                Object {
                  "alignItems": "center",
                  "backgroundColor": "#F5F6FA",
                  "borderRadius": 10,
                  "flexDirection": "row",
                  "height": 50,
                  "marginRight": 10,
                  "paddingRight": 10,
                },
              ]
            }
          >
            <View
              style={
                Object {
                  "backgroundColor": "#fff",
                  "borderRadius": 10,
                  "height": 40,
                  "marginLeft": 5,
                  "marginRight": 10,
                  "marginVertical": 5,
                  "padding": 8,
                  "width": 40,
                }
              }
            >
              <Image
                source={
                  Object {
                    "uri": "https://www.pikpng.com/pngl/m/42-429866_adidas-logo-png-images-free-download-rh-pngimg.png",
                  }
                }
                style={
                  Object {
                    "height": "100%",
                    "resizeMode": "contain",
                    "width": "100%",
                  }
                }
              />
            </View>
            <Text
              style={
                Array [
                  Object {
                    "color": "#000",
                    "fontFamily": "Inter_500Medium",
                    "fontSize": 17,
                    "lineHeight": 16,
                    "textTransform": "none",
                  },
                  undefined,
                  Object {
                    "textAlign": "left",
                  },
                ]
              }
            >
              Adidas
            </Text>
          </View>
        </View>
      </View>
      <View
        onLayout={[Function]}
        style={
          Array [
            Object {
              "flexDirection": "row",
            },
            null,
          ]
        }
      >
        <View
          accessible={true}
          focusable={true}
          onClick={[Function]}
          onResponderGrant={[Function]}
          onResponderMove={[Function]}
          onResponderRelease={[Function]}
          onResponderTerminate={[Function]}
          onResponderTerminationRequest={[Function]}
          onStartShouldSetResponder={[Function]}
          style={
            Object {
              "justifyContent": "center",
              "opacity": 1,
            }
          }
          testID="brandCard"
        >
          <View
            style={
              Array [
                Object {
                  "alignItems": "center",
                  "backgroundColor": "#F5F6FA",
                  "borderRadius": 10,
                  "flexDirection": "row",
                  "height": 50,
                  "marginRight": 10,
                  "paddingRight": 10,
                },
              ]
            }
          >
            <View
              style={
                Object {
                  "backgroundColor": "#fff",
                  "borderRadius": 10,
                  "height": 40,
                  "marginLeft": 5,
                  "marginRight": 10,
                  "marginVertical": 5,
                  "padding": 8,
                  "width": 40,
                }
              }
            >
              <Image
                source={
                  Object {
                    "uri": "https://toppng.com/uploads/preview/fila-logo-vector-download-free-11574216707jcmvfu58fy.png",
                  }
                }
                style={
                  Object {
                    "height": "100%",
                    "resizeMode": "contain",
                    "width": "100%",
                  }
                }
              />
            </View>
            <Text
              style={
                Array [
                  Object {
                    "color": "#000",
                    "fontFamily": "Inter_500Medium",
                    "fontSize": 17,
                    "lineHeight": 16,
                    "textTransform": "none",
                  },
                  undefined,
                  Object {
                    "textAlign": "left",
                  },
                ]
              }
            >
              Fila
            </Text>
          </View>
        </View>
      </View>
      <View
        onLayout={[Function]}
        style={
          Array [
            Object {
              "flexDirection": "row",
            },
            null,
          ]
        }
      >
        <View
          accessible={true}
          focusable={true}
          onClick={[Function]}
          onResponderGrant={[Function]}
          onResponderMove={[Function]}
          onResponderRelease={[Function]}
          onResponderTerminate={[Function]}
          onResponderTerminationRequest={[Function]}
          onStartShouldSetResponder={[Function]}
          style={
            Object {
              "justifyContent": "center",
              "opacity": 1,
            }
          }
          testID="brandCard"
        >
          <View
            style={
              Array [
                Object {
                  "alignItems": "center",
                  "backgroundColor": "#F5F6FA",
                  "borderRadius": 10,
                  "flexDirection": "row",
                  "height": 50,
                  "marginRight": 10,
                  "paddingRight": 10,
                },
              ]
            }
          >
            <View
              style={
                Object {
                  "backgroundColor": "#fff",
                  "borderRadius": 10,
                  "height": 40,
                  "marginLeft": 5,
                  "marginRight": 10,
                  "marginVertical": 5,
                  "padding": 8,
                  "width": 40,
                }
              }
            >
              <Image
                source={
                  Object {
                    "uri": "https://banner2.cleanpng.com/20180613/gsj/kisspng-tracksuit-puma-logo-brand-clothing-puma-logo-5b20dc6b232426.487874081528880235144.jpg",
                  }
                }
                style={
                  Object {
                    "height": "100%",
                    "resizeMode": "contain",
                    "width": "100%",
                  }
                }
              />
            </View>
            <Text
              style={
                Array [
                  Object {
                    "color": "#000",
                    "fontFamily": "Inter_500Medium",
                    "fontSize": 17,
                    "lineHeight": 16,
                    "textTransform": "none",
                  },
                  undefined,
                  Object {
                    "textAlign": "left",
                  },
                ]
              }
            >
              Puma
            </Text>
          </View>
        </View>
      </View>
      <View
        onLayout={[Function]}
        style={
          Array [
            Object {
              "flexDirection": "row",
            },
            null,
          ]
        }
      >
        <View
          accessible={true}
          focusable={true}
          onClick={[Function]}
          onResponderGrant={[Function]}
          onResponderMove={[Function]}
          onResponderRelease={[Function]}
          onResponderTerminate={[Function]}
          onResponderTerminationRequest={[Function]}
          onStartShouldSetResponder={[Function]}
          style={
            Object {
              "justifyContent": "center",
              "opacity": 1,
            }
          }
          testID="brandCard"
        >
          <View
            style={
              Array [
                Object {
                  "alignItems": "center",
                  "backgroundColor": "#F5F6FA",
                  "borderRadius": 10,
                  "flexDirection": "row",
                  "height": 50,
                  "marginRight": 10,
                  "paddingRight": 10,
                },
              ]
            }
          >
            <View
              style={
                Object {
                  "backgroundColor": "#fff",
                  "borderRadius": 10,
                  "height": 40,
                  "marginLeft": 5,
                  "marginRight": 10,
                  "marginVertical": 5,
                  "padding": 8,
                  "width": 40,
                }
              }
            >
              <Image
                source={
                  Object {
                    "uri": "https://esquilo.io/png/thumb/XBwczcMncYeff65-Vector-Gucci-Logo-PNG-Free-Download.png",
                  }
                }
                style={
                  Object {
                    "height": "100%",
                    "resizeMode": "contain",
                    "width": "100%",
                  }
                }
              />
            </View>
            <Text
              style={
                Array [
                  Object {
                    "color": "#000",
                    "fontFamily": "Inter_500Medium",
                    "fontSize": 17,
                    "lineHeight": 16,
                    "textTransform": "none",
                  },
                  undefined,
                  Object {
                    "textAlign": "left",
                  },
                ]
              }
            >
              Gucci
            </Text>
          </View>
        </View>
      </View>
      <View
        onLayout={[Function]}
      />
    </View>
  </RCTScrollView>
</View>
`;
