// Jest Snapshot v1, https://goo.gl/fbAQLP

exports[`Title Component should render  correctly 1`] = `
<Text
  color="#1D1E20"
  fontFamily="Inter_500Medium"
  fontSize={28}
  style={
    Array [
      Object {
        "color": "#000",
        "textTransform": "none",
      },
      undefined,
    ]
  }
>
  Welcome
</Text>
`;
