// Jest Snapshot v1, https://goo.gl/fbAQLP

exports[`Title Component should render  correctly 1`] = `
<Text
  style={
    Array [
      Object {
        "color": "#000",
        "fontFamily": "Inter_500Medium",
        "fontSize": 17,
        "lineHeight": 16,
        "textTransform": "none",
      },
      undefined,
      Object {
        "textAlign": "left",
      },
    ]
  }
>
  Welcome
</Text>
`;
