// Jest Snapshot v1, https://goo.gl/fbAQLP

exports[`SignIn Screen should render correctly 1`] = `
<RCTScrollView>
  <View>
    <View
      onLayout={[Function]}
    >
      <View
        style={
          Object {
            "backgroundColor": "#fff",
            "flex": 1,
            "height": 1334,
          }
        }
      >
        <View
          style={
            Object {
              "flex": 1,
              "marginTop": 45,
            }
          }
        >
          <View
            style={
              Object {
                "flexDirection": "row",
                "marginLeft": 20,
              }
            }
          >
            <View
              accessible={true}
              focusable={true}
              onClick={[Function]}
              onResponderGrant={[Function]}
              onResponderMove={[Function]}
              onResponderRelease={[Function]}
              onResponderTerminate={[Function]}
              onResponderTerminationRequest={[Function]}
              onStartShouldSetResponder={[Function]}
              style={
                Object {
                  "height": 45,
                  "opacity": 1,
                  "width": 45,
                }
              }
            >
              <Image
                source={1}
                style={Object {}}
              />
            </View>
          </View>
          <Text
            style={
              Array [
                Object {
                  "color": "#000",
                  "fontFamily": "Inter_500Medium",
                  "fontSize": 17,
                  "lineHeight": 16,
                  "textTransform": "none",
                },
                Array [
                  Object {
                    "fontFamily": "Inter_600SemiBold",
                    "fontSize": 28,
                    "lineHeight": 30,
                  },
                  Object {
                    "marginTop": 15,
                  },
                ],
                Object {
                  "textAlign": "center",
                },
              ]
            }
          >
            Welcome
          </Text>
          <Text
            style={
              Array [
                Object {
                  "color": "#000",
                  "fontFamily": "Inter_500Medium",
                  "fontSize": 17,
                  "lineHeight": 16,
                  "textTransform": "none",
                },
                Array [
                  Object {
                    "color": "#8F959E",
                    "fontFamily": "Inter_400Regular",
                    "fontSize": 15,
                    "lineHeight": 16,
                  },
                  Object {
                    "marginTop": 5,
                  },
                ],
                Object {
                  "textAlign": "center",
                },
              ]
            }
          >
            Please enter your data to continue
          </Text>
        </View>
        <View
          style={
            Object {
              "flex": 2,
            }
          }
        >
          <RNCSafeAreaView>
            <ActivityIndicator
              animating={true}
              color="#FFC107"
              hidesWhenStopped={true}
              size="small"
              style={
                Object {
                  "margin": 13,
                }
              }
            />
          </RNCSafeAreaView>
          <RNCSafeAreaView>
            <ActivityIndicator
              animating={true}
              color="#FFC107"
              hidesWhenStopped={true}
              size="small"
              style={
                Object {
                  "margin": 13,
                }
              }
            />
          </RNCSafeAreaView>
        </View>
      </View>
    </View>
  </View>
</RCTScrollView>
`;
