// Jest Snapshot v1, https://goo.gl/fbAQLP

exports[`Product detail Screen should render correctly 1`] = `
<RCTScrollView
  showsVerticalScrollIndicator={false}
  style={
    Object {
      "backgroundColor": "#fff",
      "width": "100%",
    }
  }
>
  <View>
    <RNCSafeAreaView>
      <ActivityIndicator
        animating={true}
        color="#FFC107"
        hidesWhenStopped={true}
        size="small"
        style={
          Object {
            "margin": 13,
          }
        }
      />
    </RNCSafeAreaView>
  </View>
</RCTScrollView>
`;
