// Jest Snapshot v1, https://goo.gl/fbAQLP

exports[`Product Card Component Should render correctly 1`] = `
<View
  accessible={true}
  collapsable={false}
  focusable={true}
  onBlur={[Function]}
  onClick={[Function]}
  onFocus={[Function]}
  onResponderGrant={[Function]}
  onResponderMove={[Function]}
  onResponderRelease={[Function]}
  onResponderTerminate={[Function]}
  onResponderTerminationRequest={[Function]}
  onStartShouldSetResponder={[Function]}
  style={
    Array [
      Object {
        "backgroundColor": "#fff",
      },
      undefined,
    ]
  }
  testID="productCard"
>
  <View
    style={
      Object {
        "borderRadius": 15,
        "overflow": "hidden",
      }
    }
  >
    <View
      style={
        Array [
          Object {
            "overflow": "hidden",
          },
          Object {
            "alignItems": "flex-end",
            "height": 200,
            "resizeMode": "contain",
            "width": 170,
          },
        ]
      }
    >
      <FastImageView
        resizeMode="cover"
        source={
          Object {
            "priority": "normal",
            "uri": "https://images.unsplash.com/photo-1618212179058-8fc73c26668d?ixlib=rb-1.2.1&raw_url=true&q=80&fm=jpg&crop=entropy&cs=tinysrgb&ixid=MnwxMjA3fDB8MHxwaG90by1wYWdlfHx8fGVufDB8fHx8&auto=format&fit=crop&w=774",
          }
        }
        style={
          Object {
            "bottom": 0,
            "left": 0,
            "position": "absolute",
            "right": 0,
            "top": 0,
          }
        }
      />
    </View>
    <View
      accessible={true}
      collapsable={false}
      focusable={true}
      onBlur={[Function]}
      onClick={[Function]}
      onFocus={[Function]}
      onResponderGrant={[Function]}
      onResponderMove={[Function]}
      onResponderRelease={[Function]}
      onResponderTerminate={[Function]}
      onResponderTerminationRequest={[Function]}
      onStartShouldSetResponder={[Function]}
      style={
        Object {
          "position": "absolute",
          "right": 0,
          "top": 0,
          "zIndex": 1,
        }
      }
    >
      <Image
        source={
          Object {
            "process": [Function],
          }
        }
        style={
          Object {
            "height": 15,
            "marginRight": 14,
            "marginTop": 17,
            "resizeMode": "contain",
            "width": 16,
          }
        }
      />
    </View>
  </View>
  <Text
    style={
      Object {
        "color": "#1D1E20",
        "fontFamily": "Inter_500Medium",
        "fontSize": 11,
        "marginTop": 5,
      }
    }
  >
    Fila Sportswear Club Fleece
  </Text>
  <Text
    style={
      Object {
        "color": "#1D1E20",
        "fontFamily": "Inter_500Medium",
        "fontSize": 11,
        "marginBottom": 5,
      }
    }
  >
    Cotton
  </Text>
  <Text
    style={
      Object {
        "color": "#1D1E20",
        "fontFamily": "Inter_600SemiBold",
        "fontSize": 13,
        "marginTop": 5,
      }
    }
  >
    $ 100
     
  </Text>
</View>
`;
