// Jest Snapshot v1, https://goo.gl/fbAQLP

exports[`Product detail size should render correctly 1`] = `
<View
  style={
    Object {
      "width": "100%",
    }
  }
>
  <View
    style={
      Object {
        "flexDirection": "row",
        "justifyContent": "space-between",
      }
    }
  >
    <Text
      style={
        Array [
          Object {
            "color": "#000",
            "fontFamily": "Inter_500Medium",
            "fontSize": 17,
            "lineHeight": 16,
            "textTransform": "none",
          },
          Array [
            Object {
              "fontFamily": "Inter_500Medium",
              "fontSize": 17,
              "lineHeight": 16,
            },
            undefined,
          ],
          Object {
            "textAlign": "left",
          },
        ]
      }
    >
      Size
    </Text>
    <Text
      style={
        Array [
          Object {
            "color": "#000",
            "fontFamily": "Inter_500Medium",
            "fontSize": 17,
            "lineHeight": 16,
            "textTransform": "none",
          },
          Array [
            Object {
              "color": "#8F959E",
              "fontFamily": "Inter_400Regular",
              "fontSize": 13,
              "lineHeight": 14,
            },
            Object {
              "color": "#3D93F8",
              "fontSize": 17,
            },
          ],
          Object {
            "textAlign": "left",
          },
        ]
      }
    />
  </View>
  <RCTScrollView
    horizontal={true}
    showsHorizontalScrollIndicator={false}
    style={
      Object {
        "marginTop": 10,
        "width": "100%",
      }
    }
  >
    <View>
      <View
        accessible={true}
        collapsable={false}
        focusable={true}
        onBlur={[Function]}
        onClick={[Function]}
        onFocus={[Function]}
        onResponderGrant={[Function]}
        onResponderMove={[Function]}
        onResponderRelease={[Function]}
        onResponderTerminate={[Function]}
        onResponderTerminationRequest={[Function]}
        onStartShouldSetResponder={[Function]}
        style={
          Object {
            "alignItems": "center",
            "backgroundColor": "#F5F6FA",
            "borderRadius": 10,
            "height": 60,
            "justifyContent": "center",
            "marginRight": 10,
            "width": 60,
          }
        }
      >
        <Text
          style={
            Array [
              Object {
                "color": "#000",
                "fontFamily": "Inter_500Medium",
                "fontSize": 17,
                "lineHeight": 16,
                "textTransform": "none",
              },
              undefined,
              Object {
                "textAlign": "left",
              },
            ]
          }
        >
          S
        </Text>
      </View>
      <View
        accessible={true}
        collapsable={false}
        focusable={true}
        onBlur={[Function]}
        onClick={[Function]}
        onFocus={[Function]}
        onResponderGrant={[Function]}
        onResponderMove={[Function]}
        onResponderRelease={[Function]}
        onResponderTerminate={[Function]}
        onResponderTerminationRequest={[Function]}
        onStartShouldSetResponder={[Function]}
        style={
          Object {
            "alignItems": "center",
            "backgroundColor": "#F5F6FA",
            "borderRadius": 10,
            "height": 60,
            "justifyContent": "center",
            "marginRight": 10,
            "width": 60,
          }
        }
      >
        <Text
          style={
            Array [
              Object {
                "color": "#000",
                "fontFamily": "Inter_500Medium",
                "fontSize": 17,
                "lineHeight": 16,
                "textTransform": "none",
              },
              undefined,
              Object {
                "textAlign": "left",
              },
            ]
          }
        >
          M
        </Text>
      </View>
      <View
        accessible={true}
        collapsable={false}
        focusable={true}
        onBlur={[Function]}
        onClick={[Function]}
        onFocus={[Function]}
        onResponderGrant={[Function]}
        onResponderMove={[Function]}
        onResponderRelease={[Function]}
        onResponderTerminate={[Function]}
        onResponderTerminationRequest={[Function]}
        onStartShouldSetResponder={[Function]}
        style={
          Object {
            "alignItems": "center",
            "backgroundColor": "#F5F6FA",
            "borderRadius": 10,
            "height": 60,
            "justifyContent": "center",
            "marginRight": 10,
            "width": 60,
          }
        }
      >
        <Text
          style={
            Array [
              Object {
                "color": "#000",
                "fontFamily": "Inter_500Medium",
                "fontSize": 17,
                "lineHeight": 16,
                "textTransform": "none",
              },
              undefined,
              Object {
                "textAlign": "left",
              },
            ]
          }
        >
          L
        </Text>
      </View>
      <View
        accessible={true}
        collapsable={false}
        focusable={true}
        onBlur={[Function]}
        onClick={[Function]}
        onFocus={[Function]}
        onResponderGrant={[Function]}
        onResponderMove={[Function]}
        onResponderRelease={[Function]}
        onResponderTerminate={[Function]}
        onResponderTerminationRequest={[Function]}
        onStartShouldSetResponder={[Function]}
        style={
          Object {
            "alignItems": "center",
            "backgroundColor": "#F5F6FA",
            "borderRadius": 10,
            "height": 60,
            "justifyContent": "center",
            "marginRight": 10,
            "width": 60,
          }
        }
      >
        <Text
          style={
            Array [
              Object {
                "color": "#000",
                "fontFamily": "Inter_500Medium",
                "fontSize": 17,
                "lineHeight": 16,
                "textTransform": "none",
              },
              undefined,
              Object {
                "textAlign": "left",
              },
            ]
          }
        >
          XL
        </Text>
      </View>
      <View
        accessible={true}
        collapsable={false}
        focusable={true}
        onBlur={[Function]}
        onClick={[Function]}
        onFocus={[Function]}
        onResponderGrant={[Function]}
        onResponderMove={[Function]}
        onResponderRelease={[Function]}
        onResponderTerminate={[Function]}
        onResponderTerminationRequest={[Function]}
        onStartShouldSetResponder={[Function]}
        style={
          Object {
            "alignItems": "center",
            "backgroundColor": "#F5F6FA",
            "borderRadius": 10,
            "height": 60,
            "justifyContent": "center",
            "marginRight": 10,
            "width": 60,
          }
        }
      >
        <Text
          style={
            Array [
              Object {
                "color": "#000",
                "fontFamily": "Inter_500Medium",
                "fontSize": 17,
                "lineHeight": 16,
                "textTransform": "none",
              },
              undefined,
              Object {
                "textAlign": "left",
              },
            ]
          }
        >
          2XL
        </Text>
      </View>
    </View>
  </RCTScrollView>
</View>
`;
