// Jest Snapshot v1, https://goo.gl/fbAQLP

exports[`Product detail Images review should render correctly 1`] = `
<RCTScrollView
  horizontal={true}
  showsHorizontalScrollIndicator={false}
  style={
    Object {
      "flexDirection": "row",
      "marginVertical": 15,
    }
  }
>
  <View>
    <View
      accessible={true}
      collapsable={false}
      focusable={true}
      onBlur={[Function]}
      onClick={[Function]}
      onFocus={[Function]}
      onResponderGrant={[Function]}
      onResponderMove={[Function]}
      onResponderRelease={[Function]}
      onResponderTerminate={[Function]}
      onResponderTerminationRequest={[Function]}
      onStartShouldSetResponder={[Function]}
      style={
        Object {
          "height": 77,
          "marginRight": 9,
          "width": 77,
        }
      }
    >
      <Image
        resizeMode="cover"
        source={
          Object {
            "uri": "https://images.unsplash.com/photo-1499852848443-3004d6dc4cfc?ixlib=rb-1.2.1&ixid=MnwxMjA3fDB8MHxwaG90by1wYWdlfHx8fGVufDB8fHx8&auto=format&fit=crop&w=1374&q=80",
          }
        }
        style={
          Object {
            "height": "100%",
            "width": "100%",
          }
        }
      />
    </View>
    <View
      accessible={true}
      collapsable={false}
      focusable={true}
      onBlur={[Function]}
      onClick={[Function]}
      onFocus={[Function]}
      onResponderGrant={[Function]}
      onResponderMove={[Function]}
      onResponderRelease={[Function]}
      onResponderTerminate={[Function]}
      onResponderTerminationRequest={[Function]}
      onStartShouldSetResponder={[Function]}
      style={
        Object {
          "height": 77,
          "marginRight": 9,
          "width": 77,
        }
      }
    >
      <Image
        resizeMode="cover"
        source={
          Object {
            "uri": "https://images.unsplash.com/photo-1618898909019-010e4e234c55?ixlib=rb-1.2.1&ixid=MnwxMjA3fDB8MHxwaG90by1wYWdlfHx8fGVufDB8fHx8&auto=format&fit=crop&w=687&q=80",
          }
        }
        style={
          Object {
            "height": "100%",
            "width": "100%",
          }
        }
      />
    </View>
    <View
      accessible={true}
      collapsable={false}
      focusable={true}
      onBlur={[Function]}
      onClick={[Function]}
      onFocus={[Function]}
      onResponderGrant={[Function]}
      onResponderMove={[Function]}
      onResponderRelease={[Function]}
      onResponderTerminate={[Function]}
      onResponderTerminationRequest={[Function]}
      onStartShouldSetResponder={[Function]}
      style={
        Object {
          "height": 77,
          "marginRight": 9,
          "width": 77,
        }
      }
    >
      <Image
        resizeMode="cover"
        source={
          Object {
            "uri": "https://images.unsplash.com/photo-1575537302964-96cd47c06b1b?crop=entropy&cs=tinysrgb&fm=jpg&ixlib=rb-1.2.1&q=80&raw_url=true&ixid=MnwxMjA3fDB8MHxwaG90by1wYWdlfHx8fGVufDB8fHx8&auto=format&fit=crop&w=1470",
          }
        }
        style={
          Object {
            "height": "100%",
            "width": "100%",
          }
        }
      />
    </View>
    <View
      accessible={true}
      collapsable={false}
      focusable={true}
      onBlur={[Function]}
      onClick={[Function]}
      onFocus={[Function]}
      onResponderGrant={[Function]}
      onResponderMove={[Function]}
      onResponderRelease={[Function]}
      onResponderTerminate={[Function]}
      onResponderTerminationRequest={[Function]}
      onStartShouldSetResponder={[Function]}
      style={
        Object {
          "height": 77,
          "marginRight": 9,
          "width": 77,
        }
      }
    >
      <Image
        resizeMode="cover"
        source={
          Object {
            "uri": "https://images.unsplash.com/photo-1518656306295-aa28b28b2504?crop=entropy&cs=tinysrgb&fm=jpg&ixlib=rb-1.2.1&q=80&raw_url=true&ixid=MnwxMjA3fDB8MHxwaG90by1wYWdlfHx8fGVufDB8fHx8&auto=format&fit=crop&w=1470",
          }
        }
        style={
          Object {
            "height": "100%",
            "width": "100%",
          }
        }
      />
    </View>
    <View
      accessible={true}
      collapsable={false}
      focusable={true}
      onBlur={[Function]}
      onClick={[Function]}
      onFocus={[Function]}
      onResponderGrant={[Function]}
      onResponderMove={[Function]}
      onResponderRelease={[Function]}
      onResponderTerminate={[Function]}
      onResponderTerminationRequest={[Function]}
      onStartShouldSetResponder={[Function]}
      style={
        Object {
          "height": 77,
          "marginRight": 9,
          "width": 77,
        }
      }
    >
      <Image
        resizeMode="cover"
        source={
          Object {
            "uri": "https://images.unsplash.com/photo-1609505848912-b7c3b8b4beda?ixlib=rb-1.2.1&ixid=MnwxMjA3fDB8MHxwaG90by1wYWdlfHx8fGVufDB8fHx8&auto=format&fit=crop&w=765&q=80",
          }
        }
        style={
          Object {
            "height": "100%",
            "width": "100%",
          }
        }
      />
    </View>
    <View
      accessible={true}
      collapsable={false}
      focusable={true}
      onBlur={[Function]}
      onClick={[Function]}
      onFocus={[Function]}
      onResponderGrant={[Function]}
      onResponderMove={[Function]}
      onResponderRelease={[Function]}
      onResponderTerminate={[Function]}
      onResponderTerminationRequest={[Function]}
      onStartShouldSetResponder={[Function]}
      style={
        Object {
          "height": 77,
          "marginRight": 9,
          "width": 77,
        }
      }
    >
      <Image
        resizeMode="cover"
        source={
          Object {
            "uri": "https://images.unsplash.com/photo-1575537302964-96cd47c06b1b?crop=entropy&cs=tinysrgb&fm=jpg&ixlib=rb-1.2.1&q=80&raw_url=true&ixid=MnwxMjA3fDB8MHxwaG90by1wYWdlfHx8fGVufDB8fHx8&auto=format&fit=crop&w=1470",
          }
        }
        style={
          Object {
            "height": "100%",
            "width": "100%",
          }
        }
      />
    </View>
  </View>
</RCTScrollView>
`;
