// Jest Snapshot v1, https://goo.gl/fbAQLP

exports[`Product detail Screen should render correctly 1`] = `
<RCTScrollView
  contentContainerStyle={
    Object {
      "flexGrow": 1,
    }
  }
  showsVerticalScrollIndicator={false}
  style={
    Array [
      Object {},
    ]
  }
>
  <View>
    <View
      style={
        Array [
          Object {
            "width": "100%",
          },
        ]
      }
    >
      <ActivityIndicator
        color="#3D93F8"
      />
    </View>
  </View>
</RCTScrollView>
`;
